[2024-03-11T21:03:52.078+0700][0.005s] Using G1
[2024-03-11T21:03:52.123+0700][0.050s] Version: 17.0.10+7-Ubuntu-122.04.1 (release)
[2024-03-11T21:03:52.123+0700][0.050s] CPUs: 8 total, 8 available
[2024-03-11T21:03:52.123+0700][0.050s] Memory: 23822M
[2024-03-11T21:03:52.123+0700][0.050s] Large Page Support: Disabled
[2024-03-11T21:03:52.123+0700][0.050s] NUMA Support: Disabled
[2024-03-11T21:03:52.123+0700][0.050s] Compressed Oops: Enabled (32-bit)
[2024-03-11T21:03:52.123+0700][0.050s] Heap Region Size: 1M
[2024-03-11T21:03:52.123+0700][0.050s] Heap Min Capacity: 512M
[2024-03-11T21:03:52.123+0700][0.050s] Heap Initial Capacity: 512M
[2024-03-11T21:03:52.123+0700][0.050s] Heap Max Capacity: 512M
[2024-03-11T21:03:52.123+0700][0.050s] Pre-touch: Enabled
[2024-03-11T21:03:52.123+0700][0.050s] Parallel Workers: 8
[2024-03-11T21:03:52.123+0700][0.050s] Concurrent Workers: 2
[2024-03-11T21:03:52.123+0700][0.050s] Concurrent Refinement Workers: 8
[2024-03-11T21:03:52.123+0700][0.050s] Periodic GC: Disabled
[2024-03-11T21:03:52.127+0700][0.054s] CDS archive(s) mapped at: [0x00007aa3f7000000-0x00007aa3f7bc7000-0x00007aa3f7bc7000), size 12349440, SharedBaseAddress: 0x00007aa3f7000000, ArchiveRelocationMode: 1.
[2024-03-11T21:03:52.127+0700][0.054s] Compressed class space mapped at: 0x00007aa3f8000000-0x00007aa438000000, reserved size: 1073741824
[2024-03-11T21:03:52.127+0700][0.054s] Narrow klass base: 0x00007aa3f7000000, Narrow klass shift: 0, Narrow klass range: 0x100000000
[2024-03-11T21:03:52.546+0700][0,473s] GC(0) Pause Young (Normal) (G1 Evacuation Pause)
[2024-03-11T21:03:52.546+0700][0,473s] GC(0) Using 8 workers of 8 for evacuation
[2024-03-11T21:03:52.547+0700][0,474s] GC(0)   Pre Evacuate Collection Set: 0,1ms
[2024-03-11T21:03:52.547+0700][0,475s] GC(0)   Merge Heap Roots: 0,0ms
[2024-03-11T21:03:52.547+0700][0,475s] GC(0)   Evacuate Collection Set: 1,4ms
[2024-03-11T21:03:52.547+0700][0,475s] GC(0)   Post Evacuate Collection Set: 0,2ms
[2024-03-11T21:03:52.547+0700][0,475s] GC(0)   Other: 0,1ms
[2024-03-11T21:03:52.547+0700][0,475s] GC(0) Eden regions: 29->0(64)
[2024-03-11T21:03:52.547+0700][0,475s] GC(0) Survivor regions: 0->4(4)
[2024-03-11T21:03:52.547+0700][0,475s] GC(0) Old regions: 0->0
[2024-03-11T21:03:52.547+0700][0,475s] GC(0) Archive regions: 2->2
[2024-03-11T21:03:52.547+0700][0,475s] GC(0) Humongous regions: 0->0
[2024-03-11T21:03:52.547+0700][0,475s] GC(0) Metaspace: 7709K(7936K)->7709K(7936K) NonClass: 6792K(6912K)->6792K(6912K) Class: 917K(1024K)->917K(1024K)
[2024-03-11T21:03:52.547+0700][0,475s] GC(0) Pause Young (Normal) (G1 Evacuation Pause) 29M->4M(512M) 1,834ms
[2024-03-11T21:03:52.547+0700][0,475s] GC(0) User=0,01s Sys=0,00s Real=0,00s
[2024-03-11T21:03:52.987+0700][0,914s] GC(1) Pause Young (Normal) (G1 Evacuation Pause)
[2024-03-11T21:03:52.987+0700][0,914s] GC(1) Using 8 workers of 8 for evacuation
[2024-03-11T21:03:52.992+0700][0,919s] GC(1)   Pre Evacuate Collection Set: 0,1ms
[2024-03-11T21:03:52.992+0700][0,919s] GC(1)   Merge Heap Roots: 0,0ms
[2024-03-11T21:03:52.992+0700][0,919s] GC(1)   Evacuate Collection Set: 4,4ms
[2024-03-11T21:03:52.992+0700][0,919s] GC(1)   Post Evacuate Collection Set: 0,3ms
[2024-03-11T21:03:52.992+0700][0,919s] GC(1)   Other: 0,1ms
[2024-03-11T21:03:52.992+0700][0,919s] GC(1) Eden regions: 64->0(234)
[2024-03-11T21:03:52.992+0700][0,919s] GC(1) Survivor regions: 4->9(9)
[2024-03-11T21:03:52.992+0700][0,919s] GC(1) Old regions: 0->5
[2024-03-11T21:03:52.992+0700][0,919s] GC(1) Archive regions: 2->2
[2024-03-11T21:03:52.992+0700][0,919s] GC(1) Humongous regions: 4->4
[2024-03-11T21:03:52.992+0700][0,919s] GC(1) Metaspace: 18627K(18880K)->18627K(18880K) NonClass: 16413K(16576K)->16413K(16576K) Class: 2214K(2304K)->2214K(2304K)
[2024-03-11T21:03:52.992+0700][0,919s] GC(1) Pause Young (Normal) (G1 Evacuation Pause) 72M->18M(512M) 5,011ms
[2024-03-11T21:03:52.992+0700][0,919s] GC(1) User=0,03s Sys=0,00s Real=0,00s
[2024-03-11T21:03:53.262+0700][1,189s] GC(2) Pause Young (Concurrent Start) (Metadata GC Threshold)
[2024-03-11T21:03:53.262+0700][1,189s] GC(2) Using 8 workers of 8 for evacuation
[2024-03-11T21:03:53.267+0700][1,194s] GC(2)   Pre Evacuate Collection Set: 0,1ms
[2024-03-11T21:03:53.267+0700][1,195s] GC(2)   Merge Heap Roots: 0,1ms
[2024-03-11T21:03:53.267+0700][1,195s] GC(2)   Evacuate Collection Set: 4,5ms
[2024-03-11T21:03:53.267+0700][1,195s] GC(2)   Post Evacuate Collection Set: 0,4ms
[2024-03-11T21:03:53.267+0700][1,195s] GC(2)   Other: 0,2ms
[2024-03-11T21:03:53.267+0700][1,195s] GC(2) Eden regions: 181->0(293)
[2024-03-11T21:03:53.267+0700][1,195s] GC(2) Survivor regions: 9->14(31)
[2024-03-11T21:03:53.267+0700][1,195s] GC(2) Old regions: 5->5
[2024-03-11T21:03:53.267+0700][1,195s] GC(2) Archive regions: 2->2
[2024-03-11T21:03:53.267+0700][1,195s] GC(2) Humongous regions: 4->4
[2024-03-11T21:03:53.267+0700][1,195s] GC(2) Metaspace: 21266K(21504K)->21266K(21504K) NonClass: 18749K(18880K)->18749K(18880K) Class: 2517K(2624K)->2517K(2624K)
[2024-03-11T21:03:53.267+0700][1,195s] GC(2) Pause Young (Concurrent Start) (Metadata GC Threshold) 199M->23M(512M) 5,259ms
[2024-03-11T21:03:53.267+0700][1,195s] GC(2) User=0,04s Sys=0,00s Real=0,01s
[2024-03-11T21:03:53.268+0700][1,195s] GC(3) Concurrent Mark Cycle
[2024-03-11T21:03:53.268+0700][1,195s] GC(3) Concurrent Clear Claimed Marks
[2024-03-11T21:03:53.268+0700][1,195s] GC(3) Concurrent Clear Claimed Marks 0,025ms
[2024-03-11T21:03:53.268+0700][1,195s] GC(3) Concurrent Scan Root Regions
[2024-03-11T21:03:53.271+0700][1,198s] GC(3) Concurrent Scan Root Regions 3,017ms
[2024-03-11T21:03:53.271+0700][1,198s] GC(3) Concurrent Mark
[2024-03-11T21:03:53.271+0700][1,198s] GC(3) Concurrent Mark From Roots
[2024-03-11T21:03:53.271+0700][1,198s] GC(3) Using 2 workers of 2 for marking
[2024-03-11T21:03:53.275+0700][1,202s] GC(3) Concurrent Mark From Roots 4,099ms
[2024-03-11T21:03:53.275+0700][1,202s] GC(3) Concurrent Preclean
[2024-03-11T21:03:53.275+0700][1,202s] GC(3) Concurrent Preclean 0,036ms
[2024-03-11T21:03:53.275+0700][1,202s] GC(3) Pause Remark
[2024-03-11T21:03:53.276+0700][1,203s] GC(3) Pause Remark 24M->24M(512M) 1,419ms
[2024-03-11T21:03:53.276+0700][1,203s] GC(3) User=0,01s Sys=0,00s Real=0,00s
[2024-03-11T21:03:53.276+0700][1,203s] GC(3) Concurrent Mark 5,767ms
[2024-03-11T21:03:53.276+0700][1,203s] GC(3) Concurrent Rebuild Remembered Sets
[2024-03-11T21:03:53.279+0700][1,206s] GC(3) Concurrent Rebuild Remembered Sets 2,315ms
[2024-03-11T21:03:53.279+0700][1,206s] GC(3) Pause Cleanup
[2024-03-11T21:03:53.279+0700][1,206s] GC(3) Pause Cleanup 24M->24M(512M) 0,082ms
[2024-03-11T21:03:53.279+0700][1,206s] GC(3) User=0,00s Sys=0,00s Real=0,00s
[2024-03-11T21:03:53.279+0700][1,206s] GC(3) Concurrent Cleanup for Next Mark
[2024-03-11T21:03:53.280+0700][1,207s] GC(3) Concurrent Cleanup for Next Mark 0,581ms
[2024-03-11T21:03:53.280+0700][1,207s] GC(3) Concurrent Mark Cycle 12,069ms
[2024-03-11T21:03:54.161+0700][2,088s] GC(4) Pause Young (Concurrent Start) (Metadata GC Threshold)
[2024-03-11T21:03:54.161+0700][2,088s] GC(4) Using 8 workers of 8 for evacuation
[2024-03-11T21:03:54.168+0700][2,095s] GC(4)   Pre Evacuate Collection Set: 0,1ms
[2024-03-11T21:03:54.168+0700][2,095s] GC(4)   Merge Heap Roots: 0,0ms
[2024-03-11T21:03:54.168+0700][2,095s] GC(4)   Evacuate Collection Set: 6,3ms
[2024-03-11T21:03:54.168+0700][2,095s] GC(4)   Post Evacuate Collection Set: 0,5ms
[2024-03-11T21:03:54.168+0700][2,095s] GC(4)   Other: 0,1ms
[2024-03-11T21:03:54.168+0700][2,095s] GC(4) Eden regions: 119->0(287)
[2024-03-11T21:03:54.168+0700][2,095s] GC(4) Survivor regions: 14->20(39)
[2024-03-11T21:03:54.168+0700][2,095s] GC(4) Old regions: 5->5
[2024-03-11T21:03:54.168+0700][2,095s] GC(4) Archive regions: 2->2
[2024-03-11T21:03:54.168+0700][2,095s] GC(4) Humongous regions: 4->4
[2024-03-11T21:03:54.168+0700][2,095s] GC(4) Metaspace: 35905K(36160K)->35905K(36160K) NonClass: 31545K(31680K)->31545K(31680K) Class: 4360K(4480K)->4360K(4480K)
[2024-03-11T21:03:54.168+0700][2,095s] GC(4) Pause Young (Concurrent Start) (Metadata GC Threshold) 142M->29M(512M) 7,175ms
[2024-03-11T21:03:54.168+0700][2,095s] GC(4) User=0,05s Sys=0,00s Real=0,01s
[2024-03-11T21:03:54.168+0700][2,095s] GC(5) Concurrent Mark Cycle
[2024-03-11T21:03:54.168+0700][2,095s] GC(5) Concurrent Clear Claimed Marks
[2024-03-11T21:03:54.168+0700][2,095s] GC(5) Concurrent Clear Claimed Marks 0,028ms
[2024-03-11T21:03:54.168+0700][2,095s] GC(5) Concurrent Scan Root Regions
[2024-03-11T21:03:54.172+0700][2,099s] GC(5) Concurrent Scan Root Regions 3,434ms
[2024-03-11T21:03:54.172+0700][2,099s] GC(5) Concurrent Mark
[2024-03-11T21:03:54.172+0700][2,099s] GC(5) Concurrent Mark From Roots
[2024-03-11T21:03:54.172+0700][2,099s] GC(5) Using 2 workers of 2 for marking
[2024-03-11T21:03:54.177+0700][2,104s] GC(5) Concurrent Mark From Roots 4,748ms
[2024-03-11T21:03:54.177+0700][2,104s] GC(5) Concurrent Preclean
[2024-03-11T21:03:54.177+0700][2,104s] GC(5) Concurrent Preclean 0,049ms
[2024-03-11T21:03:54.177+0700][2,104s] GC(5) Pause Remark
[2024-03-11T21:03:54.178+0700][2,106s] GC(5) Pause Remark 32M->32M(512M) 1,651ms
[2024-03-11T21:03:54.178+0700][2,106s] GC(5) User=0,02s Sys=0,00s Real=0,01s
[2024-03-11T21:03:54.179+0700][2,106s] GC(5) Concurrent Mark 6,669ms
[2024-03-11T21:03:54.179+0700][2,106s] GC(5) Concurrent Rebuild Remembered Sets
[2024-03-11T21:03:54.181+0700][2,108s] GC(5) Concurrent Rebuild Remembered Sets 2,717ms
[2024-03-11T21:03:54.181+0700][2,108s] GC(5) Pause Cleanup
[2024-03-11T21:03:54.181+0700][2,109s] GC(5) Pause Cleanup 32M->32M(512M) 0,074ms
[2024-03-11T21:03:54.181+0700][2,109s] GC(5) User=0,00s Sys=0,00s Real=0,00s
[2024-03-11T21:03:54.182+0700][2,109s] GC(5) Concurrent Cleanup for Next Mark
[2024-03-11T21:03:54.182+0700][2,109s] GC(5) Concurrent Cleanup for Next Mark 0,570ms
[2024-03-11T21:03:54.182+0700][2,109s] GC(5) Concurrent Mark Cycle 13,773ms
[2024-03-11T21:51:40.169+0700][2868,096s] Heap
[2024-03-11T21:51:40.169+0700][2868,096s]  garbage-first heap   total 524288K, used 242238K [0x00000000e0000000, 0x0000000100000000)
[2024-03-11T21:51:40.169+0700][2868,096s]   region size 1024K, 227 young (232448K), 20 survivors (20480K)
[2024-03-11T21:51:40.169+0700][2868,097s]  Metaspace       used 54403K, committed 54912K, reserved 1114112K
[2024-03-11T21:51:40.169+0700][2868,097s]   class space    used 6875K, committed 7104K, reserved 1048576K
