[2024-03-11T21:52:14.327+0700][0.004s] Using G1
[2024-03-11T21:52:14.373+0700][0.050s] Version: 17.0.10+7-Ubuntu-122.04.1 (release)
[2024-03-11T21:52:14.373+0700][0.050s] CPUs: 8 total, 8 available
[2024-03-11T21:52:14.373+0700][0.050s] Memory: 23822M
[2024-03-11T21:52:14.373+0700][0.050s] Large Page Support: Disabled
[2024-03-11T21:52:14.373+0700][0.050s] NUMA Support: Disabled
[2024-03-11T21:52:14.373+0700][0.050s] Compressed Oops: Enabled (32-bit)
[2024-03-11T21:52:14.373+0700][0.050s] Heap Region Size: 1M
[2024-03-11T21:52:14.373+0700][0.050s] Heap Min Capacity: 512M
[2024-03-11T21:52:14.373+0700][0.050s] Heap Initial Capacity: 512M
[2024-03-11T21:52:14.373+0700][0.050s] Heap Max Capacity: 512M
[2024-03-11T21:52:14.373+0700][0.050s] Pre-touch: Enabled
[2024-03-11T21:52:14.373+0700][0.050s] Parallel Workers: 8
[2024-03-11T21:52:14.373+0700][0.050s] Concurrent Workers: 2
[2024-03-11T21:52:14.373+0700][0.050s] Concurrent Refinement Workers: 8
[2024-03-11T21:52:14.373+0700][0.050s] Periodic GC: Disabled
[2024-03-11T21:52:14.379+0700][0.055s] CDS archive(s) mapped at: [0x000079566b000000-0x000079566bbc7000-0x000079566bbc7000), size 12349440, SharedBaseAddress: 0x000079566b000000, ArchiveRelocationMode: 1.
[2024-03-11T21:52:14.379+0700][0.055s] Compressed class space mapped at: 0x000079566c000000-0x00007956ac000000, reserved size: 1073741824
[2024-03-11T21:52:14.379+0700][0.055s] Narrow klass base: 0x000079566b000000, Narrow klass shift: 0, Narrow klass range: 0x100000000
[2024-03-11T21:52:14.788+0700][0,465s] GC(0) Pause Young (Normal) (G1 Evacuation Pause)
[2024-03-11T21:52:14.789+0700][0,465s] GC(0) Using 8 workers of 8 for evacuation
[2024-03-11T21:52:14.790+0700][0,467s] GC(0)   Pre Evacuate Collection Set: 0,1ms
[2024-03-11T21:52:14.790+0700][0,467s] GC(0)   Merge Heap Roots: 0,0ms
[2024-03-11T21:52:14.790+0700][0,467s] GC(0)   Evacuate Collection Set: 1,4ms
[2024-03-11T21:52:14.790+0700][0,467s] GC(0)   Post Evacuate Collection Set: 0,2ms
[2024-03-11T21:52:14.790+0700][0,467s] GC(0)   Other: 0,1ms
[2024-03-11T21:52:14.790+0700][0,467s] GC(0) Eden regions: 29->0(64)
[2024-03-11T21:52:14.790+0700][0,467s] GC(0) Survivor regions: 0->4(4)
[2024-03-11T21:52:14.790+0700][0,467s] GC(0) Old regions: 0->0
[2024-03-11T21:52:14.790+0700][0,467s] GC(0) Archive regions: 2->2
[2024-03-11T21:52:14.790+0700][0,467s] GC(0) Humongous regions: 0->0
[2024-03-11T21:52:14.790+0700][0,467s] GC(0) Metaspace: 7703K(7936K)->7703K(7936K) NonClass: 6784K(6912K)->6784K(6912K) Class: 919K(1024K)->919K(1024K)
[2024-03-11T21:52:14.790+0700][0,467s] GC(0) Pause Young (Normal) (G1 Evacuation Pause) 29M->4M(512M) 1,905ms
[2024-03-11T21:52:14.790+0700][0,467s] GC(0) User=0,02s Sys=0,00s Real=0,00s
[2024-03-11T21:52:15.226+0700][0,903s] GC(1) Pause Young (Normal) (G1 Evacuation Pause)
[2024-03-11T21:52:15.226+0700][0,903s] GC(1) Using 8 workers of 8 for evacuation
[2024-03-11T21:52:15.232+0700][0,909s] GC(1)   Pre Evacuate Collection Set: 0,1ms
[2024-03-11T21:52:15.232+0700][0,909s] GC(1)   Merge Heap Roots: 0,0ms
[2024-03-11T21:52:15.232+0700][0,909s] GC(1)   Evacuate Collection Set: 5,0ms
[2024-03-11T21:52:15.232+0700][0,909s] GC(1)   Post Evacuate Collection Set: 0,4ms
[2024-03-11T21:52:15.232+0700][0,909s] GC(1)   Other: 0,1ms
[2024-03-11T21:52:15.232+0700][0,909s] GC(1) Eden regions: 64->0(298)
[2024-03-11T21:52:15.232+0700][0,909s] GC(1) Survivor regions: 4->9(9)
[2024-03-11T21:52:15.232+0700][0,909s] GC(1) Old regions: 0->6
[2024-03-11T21:52:15.232+0700][0,909s] GC(1) Archive regions: 2->2
[2024-03-11T21:52:15.232+0700][0,909s] GC(1) Humongous regions: 4->4
[2024-03-11T21:52:15.232+0700][0,909s] GC(1) Metaspace: 18594K(18816K)->18594K(18816K) NonClass: 16379K(16512K)->16379K(16512K) Class: 2214K(2304K)->2214K(2304K)
[2024-03-11T21:52:15.232+0700][0,909s] GC(1) Pause Young (Normal) (G1 Evacuation Pause) 72M->19M(512M) 5,719ms
[2024-03-11T21:52:15.232+0700][0,909s] GC(1) User=0,04s Sys=0,00s Real=0,00s
[2024-03-11T21:52:15.475+0700][1,152s] GC(2) Pause Young (Concurrent Start) (Metadata GC Threshold)
[2024-03-11T21:52:15.475+0700][1,152s] GC(2) Using 8 workers of 8 for evacuation
[2024-03-11T21:52:15.480+0700][1,157s] GC(2)   Pre Evacuate Collection Set: 0,1ms
[2024-03-11T21:52:15.480+0700][1,157s] GC(2)   Merge Heap Roots: 0,1ms
[2024-03-11T21:52:15.480+0700][1,157s] GC(2)   Evacuate Collection Set: 4,2ms
[2024-03-11T21:52:15.480+0700][1,157s] GC(2)   Post Evacuate Collection Set: 0,5ms
[2024-03-11T21:52:15.480+0700][1,157s] GC(2)   Other: 0,2ms
[2024-03-11T21:52:15.480+0700][1,157s] GC(2) Eden regions: 181->0(293)
[2024-03-11T21:52:15.480+0700][1,157s] GC(2) Survivor regions: 9->14(39)
[2024-03-11T21:52:15.480+0700][1,157s] GC(2) Old regions: 6->6
[2024-03-11T21:52:15.480+0700][1,157s] GC(2) Archive regions: 2->2
[2024-03-11T21:52:15.480+0700][1,157s] GC(2) Humongous regions: 4->4
[2024-03-11T21:52:15.480+0700][1,157s] GC(2) Metaspace: 21241K(21504K)->21241K(21504K) NonClass: 18722K(18880K)->18722K(18880K) Class: 2519K(2624K)->2519K(2624K)
[2024-03-11T21:52:15.480+0700][1,157s] GC(2) Pause Young (Concurrent Start) (Metadata GC Threshold) 199M->23M(512M) 5,145ms
[2024-03-11T21:52:15.481+0700][1,157s] GC(2) User=0,04s Sys=0,00s Real=0,01s
[2024-03-11T21:52:15.481+0700][1,157s] GC(3) Concurrent Mark Cycle
[2024-03-11T21:52:15.481+0700][1,157s] GC(3) Concurrent Clear Claimed Marks
[2024-03-11T21:52:15.481+0700][1,157s] GC(3) Concurrent Clear Claimed Marks 0,030ms
[2024-03-11T21:52:15.481+0700][1,157s] GC(3) Concurrent Scan Root Regions
[2024-03-11T21:52:15.483+0700][1,160s] GC(3) Concurrent Scan Root Regions 2,636ms
[2024-03-11T21:52:15.483+0700][1,160s] GC(3) Concurrent Mark
[2024-03-11T21:52:15.483+0700][1,160s] GC(3) Concurrent Mark From Roots
[2024-03-11T21:52:15.483+0700][1,160s] GC(3) Using 2 workers of 2 for marking
[2024-03-11T21:52:15.489+0700][1,166s] GC(3) Concurrent Mark From Roots 5,579ms
[2024-03-11T21:52:15.489+0700][1,166s] GC(3) Concurrent Preclean
[2024-03-11T21:52:15.489+0700][1,166s] GC(3) Concurrent Preclean 0,034ms
[2024-03-11T21:52:15.489+0700][1,166s] GC(3) Pause Remark
[2024-03-11T21:52:15.490+0700][1,167s] GC(3) Pause Remark 24M->24M(512M) 1,228ms
[2024-03-11T21:52:15.490+0700][1,167s] GC(3) User=0,01s Sys=0,00s Real=0,00s
[2024-03-11T21:52:15.490+0700][1,167s] GC(3) Concurrent Mark 7,058ms
[2024-03-11T21:52:15.490+0700][1,167s] GC(3) Concurrent Rebuild Remembered Sets
[2024-03-11T21:52:15.493+0700][1,170s] GC(3) Concurrent Rebuild Remembered Sets 2,859ms
[2024-03-11T21:52:15.493+0700][1,170s] GC(3) Pause Cleanup
[2024-03-11T21:52:15.493+0700][1,170s] GC(3) Pause Cleanup 25M->25M(512M) 0,084ms
[2024-03-11T21:52:15.493+0700][1,170s] GC(3) User=0,00s Sys=0,00s Real=0,00s
[2024-03-11T21:52:15.493+0700][1,170s] GC(3) Concurrent Cleanup for Next Mark
[2024-03-11T21:52:15.494+0700][1,171s] GC(3) Concurrent Cleanup for Next Mark 0,516ms
[2024-03-11T21:52:15.494+0700][1,171s] GC(3) Concurrent Mark Cycle 13,477ms
[2024-03-11T21:52:16.428+0700][2,104s] GC(4) Pause Young (Concurrent Start) (Metadata GC Threshold)
[2024-03-11T21:52:16.428+0700][2,104s] GC(4) Using 8 workers of 8 for evacuation
[2024-03-11T21:52:16.434+0700][2,111s] GC(4)   Pre Evacuate Collection Set: 0,1ms
[2024-03-11T21:52:16.434+0700][2,111s] GC(4)   Merge Heap Roots: 0,0ms
[2024-03-11T21:52:16.434+0700][2,111s] GC(4)   Evacuate Collection Set: 5,9ms
[2024-03-11T21:52:16.434+0700][2,111s] GC(4)   Post Evacuate Collection Set: 0,5ms
[2024-03-11T21:52:16.434+0700][2,111s] GC(4)   Other: 0,2ms
[2024-03-11T21:52:16.434+0700][2,111s] GC(4) Eden regions: 119->0(287)
[2024-03-11T21:52:16.434+0700][2,111s] GC(4) Survivor regions: 14->20(39)
[2024-03-11T21:52:16.434+0700][2,111s] GC(4) Old regions: 6->6
[2024-03-11T21:52:16.434+0700][2,111s] GC(4) Archive regions: 2->2
[2024-03-11T21:52:16.434+0700][2,111s] GC(4) Humongous regions: 4->4
[2024-03-11T21:52:16.434+0700][2,111s] GC(4) Metaspace: 35896K(36160K)->35896K(36160K) NonClass: 31536K(31680K)->31536K(31680K) Class: 4359K(4480K)->4359K(4480K)
[2024-03-11T21:52:16.434+0700][2,111s] GC(4) Pause Young (Concurrent Start) (Metadata GC Threshold) 142M->29M(512M) 6,765ms
[2024-03-11T21:52:16.434+0700][2,111s] GC(4) User=0,05s Sys=0,00s Real=0,00s
[2024-03-11T21:52:16.434+0700][2,111s] GC(5) Concurrent Mark Cycle
[2024-03-11T21:52:16.434+0700][2,111s] GC(5) Concurrent Clear Claimed Marks
[2024-03-11T21:52:16.434+0700][2,111s] GC(5) Concurrent Clear Claimed Marks 0,029ms
[2024-03-11T21:52:16.434+0700][2,111s] GC(5) Concurrent Scan Root Regions
[2024-03-11T21:52:16.439+0700][2,115s] GC(5) Concurrent Scan Root Regions 4,253ms
[2024-03-11T21:52:16.439+0700][2,115s] GC(5) Concurrent Mark
[2024-03-11T21:52:16.439+0700][2,115s] GC(5) Concurrent Mark From Roots
[2024-03-11T21:52:16.439+0700][2,115s] GC(5) Using 2 workers of 2 for marking
[2024-03-11T21:52:16.444+0700][2,121s] GC(5) Concurrent Mark From Roots 5,709ms
[2024-03-11T21:52:16.444+0700][2,121s] GC(5) Concurrent Preclean
[2024-03-11T21:52:16.445+0700][2,121s] GC(5) Concurrent Preclean 0,051ms
[2024-03-11T21:52:16.445+0700][2,121s] GC(5) Pause Remark
[2024-03-11T21:52:16.446+0700][2,123s] GC(5) Pause Remark 31M->31M(512M) 1,280ms
[2024-03-11T21:52:16.446+0700][2,123s] GC(5) User=0,01s Sys=0,00s Real=0,01s
[2024-03-11T21:52:16.446+0700][2,123s] GC(5) Concurrent Mark 7,228ms
[2024-03-11T21:52:16.446+0700][2,123s] GC(5) Concurrent Rebuild Remembered Sets
[2024-03-11T21:52:16.449+0700][2,126s] GC(5) Concurrent Rebuild Remembered Sets 3,439ms
[2024-03-11T21:52:16.450+0700][2,126s] GC(5) Pause Cleanup
[2024-03-11T21:52:16.450+0700][2,126s] GC(5) Pause Cleanup 32M->32M(512M) 0,081ms
[2024-03-11T21:52:16.450+0700][2,126s] GC(5) User=0,00s Sys=0,00s Real=0,00s
[2024-03-11T21:52:16.450+0700][2,126s] GC(5) Concurrent Cleanup for Next Mark
[2024-03-11T21:52:16.450+0700][2,127s] GC(5) Concurrent Cleanup for Next Mark 0,651ms
[2024-03-11T21:52:16.450+0700][2,127s] GC(5) Concurrent Mark Cycle 16,072ms
[2024-03-11T21:53:22.752+0700][68,429s] GC(6) Pause Young (Normal) (G1 Evacuation Pause)
[2024-03-11T21:53:22.752+0700][68,429s] GC(6) Using 8 workers of 8 for evacuation
[2024-03-11T21:53:22.765+0700][68,441s] GC(6)   Pre Evacuate Collection Set: 0,1ms
[2024-03-11T21:53:22.765+0700][68,442s] GC(6)   Merge Heap Roots: 0,1ms
[2024-03-11T21:53:22.765+0700][68,442s] GC(6)   Evacuate Collection Set: 11,3ms
[2024-03-11T21:53:22.765+0700][68,442s] GC(6)   Post Evacuate Collection Set: 1,4ms
[2024-03-11T21:53:22.765+0700][68,442s] GC(6)   Other: 0,1ms
[2024-03-11T21:53:22.765+0700][68,442s] GC(6) Eden regions: 287->0(268)
[2024-03-11T21:53:22.765+0700][68,442s] GC(6) Survivor regions: 20->39(39)
[2024-03-11T21:53:22.765+0700][68,442s] GC(6) Old regions: 6->6
[2024-03-11T21:53:22.765+0700][68,442s] GC(6) Archive regions: 2->2
[2024-03-11T21:53:22.765+0700][68,442s] GC(6) Humongous regions: 4->4
[2024-03-11T21:53:22.765+0700][68,442s] GC(6) Metaspace: 56695K(57216K)->56695K(57216K) NonClass: 49650K(49920K)->49650K(49920K) Class: 7044K(7296K)->7044K(7296K)
[2024-03-11T21:53:22.765+0700][68,442s] GC(6) Pause Young (Normal) (G1 Evacuation Pause) 316M->49M(512M) 13,051ms
[2024-03-11T21:53:22.765+0700][68,442s] GC(6) User=0,09s Sys=0,00s Real=0,01s
