[2024-03-11T21:51:42.268+0700][0.006s] Using G1
[2024-03-11T21:51:42.318+0700][0.055s] Version: 17.0.10+7-Ubuntu-122.04.1 (release)
[2024-03-11T21:51:42.318+0700][0.055s] CPUs: 8 total, 8 available
[2024-03-11T21:51:42.318+0700][0.055s] Memory: 23822M
[2024-03-11T21:51:42.318+0700][0.055s] Large Page Support: Disabled
[2024-03-11T21:51:42.318+0700][0.055s] NUMA Support: Disabled
[2024-03-11T21:51:42.318+0700][0.055s] Compressed Oops: Enabled (32-bit)
[2024-03-11T21:51:42.318+0700][0.055s] Heap Region Size: 1M
[2024-03-11T21:51:42.318+0700][0.055s] Heap Min Capacity: 512M
[2024-03-11T21:51:42.318+0700][0.055s] Heap Initial Capacity: 512M
[2024-03-11T21:51:42.318+0700][0.055s] Heap Max Capacity: 512M
[2024-03-11T21:51:42.318+0700][0.055s] Pre-touch: Enabled
[2024-03-11T21:51:42.318+0700][0.055s] Parallel Workers: 8
[2024-03-11T21:51:42.318+0700][0.055s] Concurrent Workers: 2
[2024-03-11T21:51:42.318+0700][0.055s] Concurrent Refinement Workers: 8
[2024-03-11T21:51:42.318+0700][0.055s] Periodic GC: Disabled
[2024-03-11T21:51:42.322+0700][0.060s] CDS archive(s) mapped at: [0x0000773fb3000000-0x0000773fb3bc7000-0x0000773fb3bc7000), size 12349440, SharedBaseAddress: 0x0000773fb3000000, ArchiveRelocationMode: 1.
[2024-03-11T21:51:42.322+0700][0.060s] Compressed class space mapped at: 0x0000773fb4000000-0x0000773ff4000000, reserved size: 1073741824
[2024-03-11T21:51:42.322+0700][0.060s] Narrow klass base: 0x0000773fb3000000, Narrow klass shift: 0, Narrow klass range: 0x100000000
[2024-03-11T21:51:42.685+0700][0,423s] GC(0) Pause Young (Normal) (G1 Evacuation Pause)
[2024-03-11T21:51:42.685+0700][0,423s] GC(0) Using 8 workers of 8 for evacuation
[2024-03-11T21:51:42.687+0700][0,425s] GC(0)   Pre Evacuate Collection Set: 0,1ms
[2024-03-11T21:51:42.687+0700][0,425s] GC(0)   Merge Heap Roots: 0,0ms
[2024-03-11T21:51:42.687+0700][0,425s] GC(0)   Evacuate Collection Set: 1,5ms
[2024-03-11T21:51:42.687+0700][0,425s] GC(0)   Post Evacuate Collection Set: 0,2ms
[2024-03-11T21:51:42.687+0700][0,425s] GC(0)   Other: 0,1ms
[2024-03-11T21:51:42.687+0700][0,425s] GC(0) Eden regions: 29->0(64)
[2024-03-11T21:51:42.687+0700][0,425s] GC(0) Survivor regions: 0->4(4)
[2024-03-11T21:51:42.687+0700][0,425s] GC(0) Old regions: 0->0
[2024-03-11T21:51:42.687+0700][0,425s] GC(0) Archive regions: 2->2
[2024-03-11T21:51:42.687+0700][0,425s] GC(0) Humongous regions: 0->0
[2024-03-11T21:51:42.687+0700][0,425s] GC(0) Metaspace: 7672K(7872K)->7672K(7872K) NonClass: 6752K(6848K)->6752K(6848K) Class: 919K(1024K)->919K(1024K)
[2024-03-11T21:51:42.687+0700][0,425s] GC(0) Pause Young (Normal) (G1 Evacuation Pause) 29M->4M(512M) 2,038ms
[2024-03-11T21:51:42.687+0700][0,425s] GC(0) User=0,02s Sys=0,00s Real=0,01s
[2024-03-11T21:51:43.156+0700][0,894s] GC(1) Pause Young (Normal) (G1 Evacuation Pause)
[2024-03-11T21:51:43.157+0700][0,894s] GC(1) Using 8 workers of 8 for evacuation
[2024-03-11T21:51:43.163+0700][0,900s] GC(1)   Pre Evacuate Collection Set: 0,1ms
[2024-03-11T21:51:43.163+0700][0,900s] GC(1)   Merge Heap Roots: 0,0ms
[2024-03-11T21:51:43.163+0700][0,900s] GC(1)   Evacuate Collection Set: 5,7ms
[2024-03-11T21:51:43.163+0700][0,900s] GC(1)   Post Evacuate Collection Set: 0,4ms
[2024-03-11T21:51:43.163+0700][0,900s] GC(1)   Other: 0,1ms
[2024-03-11T21:51:43.163+0700][0,900s] GC(1) Eden regions: 64->0(298)
[2024-03-11T21:51:43.163+0700][0,900s] GC(1) Survivor regions: 4->9(9)
[2024-03-11T21:51:43.163+0700][0,900s] GC(1) Old regions: 0->5
[2024-03-11T21:51:43.163+0700][0,900s] GC(1) Archive regions: 2->2
[2024-03-11T21:51:43.163+0700][0,900s] GC(1) Humongous regions: 4->4
[2024-03-11T21:51:43.163+0700][0,900s] GC(1) Metaspace: 18601K(18816K)->18601K(18816K) NonClass: 16387K(16512K)->16387K(16512K) Class: 2214K(2304K)->2214K(2304K)
[2024-03-11T21:51:43.163+0700][0,901s] GC(1) Pause Young (Normal) (G1 Evacuation Pause) 72M->18M(512M) 6,496ms
[2024-03-11T21:51:43.163+0700][0,901s] GC(1) User=0,04s Sys=0,00s Real=0,01s
[2024-03-11T21:51:43.464+0700][1,201s] GC(2) Pause Young (Concurrent Start) (Metadata GC Threshold)
[2024-03-11T21:51:43.464+0700][1,201s] GC(2) Using 8 workers of 8 for evacuation
[2024-03-11T21:51:43.467+0700][1,205s] GC(2)   Pre Evacuate Collection Set: 0,1ms
[2024-03-11T21:51:43.467+0700][1,205s] GC(2)   Merge Heap Roots: 0,0ms
[2024-03-11T21:51:43.468+0700][1,205s] GC(2)   Evacuate Collection Set: 3,2ms
[2024-03-11T21:51:43.468+0700][1,205s] GC(2)   Post Evacuate Collection Set: 0,4ms
[2024-03-11T21:51:43.468+0700][1,205s] GC(2)   Other: 0,2ms
[2024-03-11T21:51:43.468+0700][1,205s] GC(2) Eden regions: 180->0(292)
[2024-03-11T21:51:43.468+0700][1,205s] GC(2) Survivor regions: 9->15(39)
[2024-03-11T21:51:43.468+0700][1,205s] GC(2) Old regions: 5->5
[2024-03-11T21:51:43.468+0700][1,205s] GC(2) Archive regions: 2->2
[2024-03-11T21:51:43.468+0700][1,205s] GC(2) Humongous regions: 4->4
[2024-03-11T21:51:43.468+0700][1,205s] GC(2) Metaspace: 21225K(21504K)->21225K(21504K) NonClass: 18712K(18880K)->18712K(18880K) Class: 2512K(2624K)->2512K(2624K)
[2024-03-11T21:51:43.468+0700][1,205s] GC(2) Pause Young (Concurrent Start) (Metadata GC Threshold) 198M->23M(512M) 3,946ms
[2024-03-11T21:51:43.468+0700][1,205s] GC(2) User=0,03s Sys=0,00s Real=0,01s
[2024-03-11T21:51:43.468+0700][1,205s] GC(3) Concurrent Mark Cycle
[2024-03-11T21:51:43.468+0700][1,205s] GC(3) Concurrent Clear Claimed Marks
[2024-03-11T21:51:43.468+0700][1,205s] GC(3) Concurrent Clear Claimed Marks 0,023ms
[2024-03-11T21:51:43.468+0700][1,205s] GC(3) Concurrent Scan Root Regions
[2024-03-11T21:51:43.471+0700][1,208s] GC(3) Concurrent Scan Root Regions 2,935ms
[2024-03-11T21:51:43.471+0700][1,208s] GC(3) Concurrent Mark
[2024-03-11T21:51:43.471+0700][1,208s] GC(3) Concurrent Mark From Roots
[2024-03-11T21:51:43.471+0700][1,208s] GC(3) Using 2 workers of 2 for marking
[2024-03-11T21:51:43.476+0700][1,213s] GC(3) Concurrent Mark From Roots 5,162ms
[2024-03-11T21:51:43.476+0700][1,213s] GC(3) Concurrent Preclean
[2024-03-11T21:51:43.476+0700][1,213s] GC(3) Concurrent Preclean 0,032ms
[2024-03-11T21:51:43.476+0700][1,213s] GC(3) Pause Remark
[2024-03-11T21:51:43.477+0700][1,215s] GC(3) Pause Remark 24M->24M(512M) 1,347ms
[2024-03-11T21:51:43.477+0700][1,215s] GC(3) User=0,01s Sys=0,00s Real=0,00s
[2024-03-11T21:51:43.477+0700][1,215s] GC(3) Concurrent Mark 6,742ms
[2024-03-11T21:51:43.477+0700][1,215s] GC(3) Concurrent Rebuild Remembered Sets
[2024-03-11T21:51:43.480+0700][1,217s] GC(3) Concurrent Rebuild Remembered Sets 2,522ms
[2024-03-11T21:51:43.480+0700][1,217s] GC(3) Pause Cleanup
[2024-03-11T21:51:43.480+0700][1,218s] GC(3) Pause Cleanup 25M->25M(512M) 0,090ms
[2024-03-11T21:51:43.480+0700][1,218s] GC(3) User=0,00s Sys=0,00s Real=0,00s
[2024-03-11T21:51:43.480+0700][1,218s] GC(3) Concurrent Cleanup for Next Mark
[2024-03-11T21:51:43.481+0700][1,218s] GC(3) Concurrent Cleanup for Next Mark 0,516ms
[2024-03-11T21:51:43.481+0700][1,218s] GC(3) Concurrent Mark Cycle 13,012ms
[2024-03-11T21:51:44.299+0700][2,037s] GC(4) Pause Young (Concurrent Start) (Metadata GC Threshold)
[2024-03-11T21:51:44.299+0700][2,037s] GC(4) Using 8 workers of 8 for evacuation
[2024-03-11T21:51:44.306+0700][2,043s] GC(4)   Pre Evacuate Collection Set: 0,1ms
[2024-03-11T21:51:44.306+0700][2,043s] GC(4)   Merge Heap Roots: 0,0ms
[2024-03-11T21:51:44.306+0700][2,043s] GC(4)   Evacuate Collection Set: 5,8ms
[2024-03-11T21:51:44.306+0700][2,043s] GC(4)   Post Evacuate Collection Set: 0,6ms
[2024-03-11T21:51:44.306+0700][2,043s] GC(4)   Other: 0,1ms
[2024-03-11T21:51:44.306+0700][2,043s] GC(4) Eden regions: 114->0(286)
[2024-03-11T21:51:44.306+0700][2,043s] GC(4) Survivor regions: 15->21(39)
[2024-03-11T21:51:44.306+0700][2,043s] GC(4) Old regions: 5->5
[2024-03-11T21:51:44.306+0700][2,043s] GC(4) Archive regions: 2->2
[2024-03-11T21:51:44.306+0700][2,043s] GC(4) Humongous regions: 4->4
[2024-03-11T21:51:44.306+0700][2,043s] GC(4) Metaspace: 35870K(36160K)->35870K(36160K) NonClass: 31511K(31680K)->31511K(31680K) Class: 4358K(4480K)->4358K(4480K)
[2024-03-11T21:51:44.306+0700][2,043s] GC(4) Pause Young (Concurrent Start) (Metadata GC Threshold) 137M->29M(512M) 6,659ms
[2024-03-11T21:51:44.306+0700][2,043s] GC(4) User=0,04s Sys=0,01s Real=0,01s
[2024-03-11T21:51:44.306+0700][2,043s] GC(5) Concurrent Mark Cycle
[2024-03-11T21:51:44.306+0700][2,043s] GC(5) Concurrent Clear Claimed Marks
[2024-03-11T21:51:44.306+0700][2,043s] GC(5) Concurrent Clear Claimed Marks 0,026ms
[2024-03-11T21:51:44.306+0700][2,043s] GC(5) Concurrent Scan Root Regions
[2024-03-11T21:51:44.309+0700][2,047s] GC(5) Concurrent Scan Root Regions 3,257ms
[2024-03-11T21:51:44.309+0700][2,047s] GC(5) Concurrent Mark
[2024-03-11T21:51:44.309+0700][2,047s] GC(5) Concurrent Mark From Roots
[2024-03-11T21:51:44.309+0700][2,047s] GC(5) Using 2 workers of 2 for marking
[2024-03-11T21:51:44.321+0700][2,058s] GC(5) Concurrent Mark From Roots 11,770ms
[2024-03-11T21:51:44.321+0700][2,059s] GC(5) Concurrent Preclean
[2024-03-11T21:51:44.321+0700][2,059s] GC(5) Concurrent Preclean 0,041ms
[2024-03-11T21:51:44.321+0700][2,059s] GC(5) Pause Remark
[2024-03-11T21:51:44.323+0700][2,060s] GC(5) Pause Remark 33M->33M(512M) 1,412ms
[2024-03-11T21:51:44.323+0700][2,060s] GC(5) User=0,02s Sys=0,00s Real=0,00s
[2024-03-11T21:51:44.323+0700][2,060s] GC(5) Concurrent Mark 13,433ms
[2024-03-11T21:51:44.323+0700][2,060s] GC(5) Concurrent Rebuild Remembered Sets
[2024-03-11T21:51:44.328+0700][2,066s] GC(5) Concurrent Rebuild Remembered Sets 5,503ms
[2024-03-11T21:51:44.329+0700][2,066s] GC(5) Pause Cleanup
[2024-03-11T21:51:44.329+0700][2,066s] GC(5) Pause Cleanup 33M->33M(512M) 0,195ms
[2024-03-11T21:51:44.329+0700][2,066s] GC(5) User=0,00s Sys=0,00s Real=0,00s
[2024-03-11T21:51:44.329+0700][2,066s] GC(5) Concurrent Cleanup for Next Mark
[2024-03-11T21:51:44.329+0700][2,067s] GC(5) Concurrent Cleanup for Next Mark 0,691ms
[2024-03-11T21:51:44.329+0700][2,067s] GC(5) Concurrent Mark Cycle 23,661ms
[2024-03-11T21:52:12.221+0700][29,959s] Heap
[2024-03-11T21:52:12.222+0700][29,959s]  garbage-first heap   total 524288K, used 138491K [0x00000000e0000000, 0x0000000100000000)
[2024-03-11T21:52:12.222+0700][29,959s]   region size 1024K, 127 young (130048K), 21 survivors (21504K)
[2024-03-11T21:52:12.222+0700][29,959s]  Metaspace       used 46349K, committed 46848K, reserved 1114112K
[2024-03-11T21:52:12.222+0700][29,959s]   class space    used 5817K, committed 6080K, reserved 1048576K
