[2024-03-12T09:54:36.442+0700][0.004s] Using G1
[2024-03-12T09:54:36.495+0700][0.057s] Version: 17.0.10+7-Ubuntu-122.04.1 (release)
[2024-03-12T09:54:36.495+0700][0.057s] CPUs: 8 total, 8 available
[2024-03-12T09:54:36.495+0700][0.057s] Memory: 23822M
[2024-03-12T09:54:36.495+0700][0.057s] Large Page Support: Disabled
[2024-03-12T09:54:36.495+0700][0.057s] NUMA Support: Disabled
[2024-03-12T09:54:36.495+0700][0.057s] Compressed Oops: Enabled (32-bit)
[2024-03-12T09:54:36.495+0700][0.057s] Heap Region Size: 1M
[2024-03-12T09:54:36.495+0700][0.057s] Heap Min Capacity: 512M
[2024-03-12T09:54:36.495+0700][0.057s] Heap Initial Capacity: 512M
[2024-03-12T09:54:36.495+0700][0.057s] Heap Max Capacity: 512M
[2024-03-12T09:54:36.495+0700][0.057s] Pre-touch: Enabled
[2024-03-12T09:54:36.495+0700][0.057s] Parallel Workers: 8
[2024-03-12T09:54:36.495+0700][0.057s] Concurrent Workers: 2
[2024-03-12T09:54:36.495+0700][0.057s] Concurrent Refinement Workers: 8
[2024-03-12T09:54:36.495+0700][0.057s] Periodic GC: Disabled
[2024-03-12T09:54:36.500+0700][0.062s] CDS archive(s) mapped at: [0x000076d9ab000000-0x000076d9abbc7000-0x000076d9abbc7000), size 12349440, SharedBaseAddress: 0x000076d9ab000000, ArchiveRelocationMode: 1.
[2024-03-12T09:54:36.500+0700][0.062s] Compressed class space mapped at: 0x000076d9ac000000-0x000076d9ec000000, reserved size: 1073741824
[2024-03-12T09:54:36.500+0700][0.062s] Narrow klass base: 0x000076d9ab000000, Narrow klass shift: 0, Narrow klass range: 0x100000000
[2024-03-12T09:54:36.984+0700][0,547s] GC(0) Pause Young (Normal) (G1 Evacuation Pause)
[2024-03-12T09:54:36.984+0700][0,547s] GC(0) Using 8 workers of 8 for evacuation
[2024-03-12T09:54:36.986+0700][0,549s] GC(0)   Pre Evacuate Collection Set: 0,1ms
[2024-03-12T09:54:36.986+0700][0,549s] GC(0)   Merge Heap Roots: 0,0ms
[2024-03-12T09:54:36.986+0700][0,549s] GC(0)   Evacuate Collection Set: 1,5ms
[2024-03-12T09:54:36.986+0700][0,549s] GC(0)   Post Evacuate Collection Set: 0,2ms
[2024-03-12T09:54:36.986+0700][0,549s] GC(0)   Other: 0,1ms
[2024-03-12T09:54:36.986+0700][0,549s] GC(0) Eden regions: 29->0(64)
[2024-03-12T09:54:36.986+0700][0,549s] GC(0) Survivor regions: 0->4(4)
[2024-03-12T09:54:36.986+0700][0,549s] GC(0) Old regions: 0->0
[2024-03-12T09:54:36.986+0700][0,549s] GC(0) Archive regions: 2->2
[2024-03-12T09:54:36.986+0700][0,549s] GC(0) Humongous regions: 0->0
[2024-03-12T09:54:36.986+0700][0,549s] GC(0) Metaspace: 7705K(7936K)->7705K(7936K) NonClass: 6788K(6912K)->6788K(6912K) Class: 917K(1024K)->917K(1024K)
[2024-03-12T09:54:36.986+0700][0,549s] GC(0) Pause Young (Normal) (G1 Evacuation Pause) 29M->4M(512M) 2,068ms
[2024-03-12T09:54:36.986+0700][0,549s] GC(0) User=0,01s Sys=0,00s Real=0,00s
[2024-03-12T09:54:37.538+0700][1,101s] GC(1) Pause Young (Normal) (G1 Evacuation Pause)
[2024-03-12T09:54:37.538+0700][1,101s] GC(1) Using 8 workers of 8 for evacuation
[2024-03-12T09:54:37.544+0700][1,107s] GC(1)   Pre Evacuate Collection Set: 0,1ms
[2024-03-12T09:54:37.544+0700][1,107s] GC(1)   Merge Heap Roots: 0,0ms
[2024-03-12T09:54:37.544+0700][1,107s] GC(1)   Evacuate Collection Set: 5,5ms
[2024-03-12T09:54:37.544+0700][1,107s] GC(1)   Post Evacuate Collection Set: 0,4ms
[2024-03-12T09:54:37.544+0700][1,107s] GC(1)   Other: 0,1ms
[2024-03-12T09:54:37.544+0700][1,107s] GC(1) Eden regions: 64->0(270)
[2024-03-12T09:54:37.544+0700][1,107s] GC(1) Survivor regions: 4->9(9)
[2024-03-12T09:54:37.544+0700][1,107s] GC(1) Old regions: 0->5
[2024-03-12T09:54:37.544+0700][1,107s] GC(1) Archive regions: 2->2
[2024-03-12T09:54:37.544+0700][1,107s] GC(1) Humongous regions: 4->4
[2024-03-12T09:54:37.544+0700][1,107s] GC(1) Metaspace: 18638K(18880K)->18638K(18880K) NonClass: 16423K(16576K)->16423K(16576K) Class: 2215K(2304K)->2215K(2304K)
[2024-03-12T09:54:37.545+0700][1,107s] GC(1) Pause Young (Normal) (G1 Evacuation Pause) 72M->18M(512M) 6,214ms
[2024-03-12T09:54:37.545+0700][1,107s] GC(1) User=0,04s Sys=0,00s Real=0,01s
[2024-03-12T09:54:37.912+0700][1,474s] GC(2) Pause Young (Concurrent Start) (Metadata GC Threshold)
[2024-03-12T09:54:37.912+0700][1,474s] GC(2) Using 8 workers of 8 for evacuation
[2024-03-12T09:54:37.918+0700][1,481s] GC(2)   Pre Evacuate Collection Set: 0,1ms
[2024-03-12T09:54:37.919+0700][1,481s] GC(2)   Merge Heap Roots: 0,1ms
[2024-03-12T09:54:37.919+0700][1,481s] GC(2)   Evacuate Collection Set: 5,5ms
[2024-03-12T09:54:37.919+0700][1,481s] GC(2)   Post Evacuate Collection Set: 0,8ms
[2024-03-12T09:54:37.919+0700][1,481s] GC(2)   Other: 0,2ms
[2024-03-12T09:54:37.919+0700][1,481s] GC(2) Eden regions: 181->0(293)
[2024-03-12T09:54:37.919+0700][1,481s] GC(2) Survivor regions: 9->14(31)
[2024-03-12T09:54:37.919+0700][1,481s] GC(2) Old regions: 5->5
[2024-03-12T09:54:37.919+0700][1,481s] GC(2) Archive regions: 2->2
[2024-03-12T09:54:37.919+0700][1,481s] GC(2) Humongous regions: 4->4
[2024-03-12T09:54:37.919+0700][1,481s] GC(2) Metaspace: 21265K(21504K)->21265K(21504K) NonClass: 18749K(18880K)->18749K(18880K) Class: 2516K(2624K)->2516K(2624K)
[2024-03-12T09:54:37.919+0700][1,481s] GC(2) Pause Young (Concurrent Start) (Metadata GC Threshold) 199M->23M(512M) 6,724ms
[2024-03-12T09:54:37.919+0700][1,481s] GC(2) User=0,04s Sys=0,01s Real=0,00s
[2024-03-12T09:54:37.919+0700][1,481s] GC(3) Concurrent Mark Cycle
[2024-03-12T09:54:37.919+0700][1,481s] GC(3) Concurrent Clear Claimed Marks
[2024-03-12T09:54:37.919+0700][1,481s] GC(3) Concurrent Clear Claimed Marks 0,035ms
[2024-03-12T09:54:37.919+0700][1,481s] GC(3) Concurrent Scan Root Regions
[2024-03-12T09:54:37.922+0700][1,484s] GC(3) Concurrent Scan Root Regions 3,320ms
[2024-03-12T09:54:37.922+0700][1,484s] GC(3) Concurrent Mark
[2024-03-12T09:54:37.922+0700][1,484s] GC(3) Concurrent Mark From Roots
[2024-03-12T09:54:37.922+0700][1,484s] GC(3) Using 2 workers of 2 for marking
[2024-03-12T09:54:37.926+0700][1,488s] GC(3) Concurrent Mark From Roots 4,042ms
[2024-03-12T09:54:37.926+0700][1,488s] GC(3) Concurrent Preclean
[2024-03-12T09:54:37.926+0700][1,488s] GC(3) Concurrent Preclean 0,033ms
[2024-03-12T09:54:37.926+0700][1,489s] GC(3) Pause Remark
[2024-03-12T09:54:37.928+0700][1,490s] GC(3) Pause Remark 24M->24M(512M) 1,305ms
[2024-03-12T09:54:37.928+0700][1,490s] GC(3) User=0,01s Sys=0,00s Real=0,00s
[2024-03-12T09:54:37.928+0700][1,490s] GC(3) Concurrent Mark 5,561ms
[2024-03-12T09:54:37.928+0700][1,490s] GC(3) Concurrent Rebuild Remembered Sets
[2024-03-12T09:54:37.930+0700][1,492s] GC(3) Concurrent Rebuild Remembered Sets 2,231ms
[2024-03-12T09:54:37.930+0700][1,492s] GC(3) Pause Cleanup
[2024-03-12T09:54:37.930+0700][1,492s] GC(3) Pause Cleanup 24M->24M(512M) 0,090ms
[2024-03-12T09:54:37.930+0700][1,492s] GC(3) User=0,00s Sys=0,00s Real=0,00s
[2024-03-12T09:54:37.930+0700][1,492s] GC(3) Concurrent Cleanup for Next Mark
[2024-03-12T09:54:37.931+0700][1,493s] GC(3) Concurrent Cleanup for Next Mark 0,619ms
[2024-03-12T09:54:37.931+0700][1,493s] GC(3) Concurrent Mark Cycle 12,123ms
[2024-03-12T09:54:39.005+0700][2,567s] GC(4) Pause Young (Concurrent Start) (Metadata GC Threshold)
[2024-03-12T09:54:39.005+0700][2,567s] GC(4) Using 8 workers of 8 for evacuation
[2024-03-12T09:54:39.016+0700][2,578s] GC(4)   Pre Evacuate Collection Set: 0,1ms
[2024-03-12T09:54:39.016+0700][2,578s] GC(4)   Merge Heap Roots: 0,0ms
[2024-03-12T09:54:39.016+0700][2,578s] GC(4)   Evacuate Collection Set: 9,7ms
[2024-03-12T09:54:39.016+0700][2,578s] GC(4)   Post Evacuate Collection Set: 1,1ms
[2024-03-12T09:54:39.016+0700][2,578s] GC(4)   Other: 0,2ms
[2024-03-12T09:54:39.016+0700][2,578s] GC(4) Eden regions: 119->0(287)
[2024-03-12T09:54:39.016+0700][2,578s] GC(4) Survivor regions: 14->20(39)
[2024-03-12T09:54:39.016+0700][2,578s] GC(4) Old regions: 5->5
[2024-03-12T09:54:39.016+0700][2,578s] GC(4) Archive regions: 2->2
[2024-03-12T09:54:39.016+0700][2,578s] GC(4) Humongous regions: 4->4
[2024-03-12T09:54:39.016+0700][2,578s] GC(4) Metaspace: 35881K(36160K)->35881K(36160K) NonClass: 31526K(31680K)->31526K(31680K) Class: 4355K(4480K)->4355K(4480K)
[2024-03-12T09:54:39.016+0700][2,578s] GC(4) Pause Young (Concurrent Start) (Metadata GC Threshold) 141M->29M(512M) 11,161ms
[2024-03-12T09:54:39.016+0700][2,578s] GC(4) User=0,07s Sys=0,00s Real=0,01s
[2024-03-12T09:54:39.016+0700][2,578s] GC(5) Concurrent Mark Cycle
[2024-03-12T09:54:39.016+0700][2,578s] GC(5) Concurrent Clear Claimed Marks
[2024-03-12T09:54:39.016+0700][2,578s] GC(5) Concurrent Clear Claimed Marks 0,046ms
[2024-03-12T09:54:39.016+0700][2,578s] GC(5) Concurrent Scan Root Regions
[2024-03-12T09:54:39.020+0700][2,582s] GC(5) Concurrent Scan Root Regions 3,670ms
[2024-03-12T09:54:39.020+0700][2,582s] GC(5) Concurrent Mark
[2024-03-12T09:54:39.020+0700][2,582s] GC(5) Concurrent Mark From Roots
[2024-03-12T09:54:39.020+0700][2,582s] GC(5) Using 2 workers of 2 for marking
[2024-03-12T09:54:39.025+0700][2,587s] GC(5) Concurrent Mark From Roots 5,344ms
[2024-03-12T09:54:39.025+0700][2,587s] GC(5) Concurrent Preclean
[2024-03-12T09:54:39.025+0700][2,587s] GC(5) Concurrent Preclean 0,054ms
[2024-03-12T09:54:39.025+0700][2,587s] GC(5) Pause Remark
[2024-03-12T09:54:39.028+0700][2,590s] GC(5) Pause Remark 31M->31M(512M) 2,537ms
[2024-03-12T09:54:39.028+0700][2,590s] GC(5) User=0,01s Sys=0,00s Real=0,00s
[2024-03-12T09:54:39.028+0700][2,590s] GC(5) Concurrent Mark 8,200ms
[2024-03-12T09:54:39.028+0700][2,590s] GC(5) Concurrent Rebuild Remembered Sets
[2024-03-12T09:54:39.032+0700][2,594s] GC(5) Concurrent Rebuild Remembered Sets 4,229ms
[2024-03-12T09:54:39.032+0700][2,594s] GC(5) Pause Cleanup
[2024-03-12T09:54:39.032+0700][2,595s] GC(5) Pause Cleanup 31M->31M(512M) 0,117ms
[2024-03-12T09:54:39.032+0700][2,595s] GC(5) User=0,01s Sys=0,00s Real=0,00s
[2024-03-12T09:54:39.032+0700][2,595s] GC(5) Concurrent Cleanup for Next Mark
[2024-03-12T09:54:39.033+0700][2,596s] GC(5) Concurrent Cleanup for Next Mark 1,176ms
[2024-03-12T09:54:39.034+0700][2,596s] GC(5) Concurrent Mark Cycle 17,787ms
[2024-03-12T09:57:41.117+0700][184,680s] Heap
[2024-03-12T09:57:41.117+0700][184,680s]  garbage-first heap   total 524288K, used 261615K [0x00000000e0000000, 0x0000000100000000)
[2024-03-12T09:57:41.117+0700][184,680s]   region size 1024K, 245 young (250880K), 20 survivors (20480K)
[2024-03-12T09:57:41.117+0700][184,680s]  Metaspace       used 55217K, committed 55680K, reserved 1114112K
[2024-03-12T09:57:41.117+0700][184,680s]   class space    used 6980K, committed 7168K, reserved 1048576K
